[+] Entering foo(a = 1, b = 2)
I'm in foo!
  [ENTER] Entering bar(a = 1, b = 2)
I'm in bar!
  [EXIT] Exiting bar = 2
[-] Exiting foo = ()
